// Jest Snapshot v1, https://goo.gl/fbAQLP

exports[`Pruebas en Description Debe de hacer match con el snapshot 1`] = `
<div>
  <ul
    class="card--description border-top-bottom"
  >
    <li>
      10
       
      GB
       Storage
    </li>
    <li
      class="border-top-bottom"
    >
      20
       Users Allowed
    </li>
    <li>
      Send up to 
      30
       GB
    </li>
  </ul>
</div>
`;
